// Jest Snapshot v1, https://goo.gl/fbAQLP

exports[`display ingredients table 1`] = `
<div
  className="col-sm-12 col-md-6"
>
  <h2>
    Ingredients
  </h2>
  <table
    className="table table-striped lead ingredients-table"
  >
    <thead>
      <tr>
        <th
          className="col"
        >
          Name
        </th>
        <th
          className="col"
        >
          Weight,g
        </th>
        <th
          className="col"
        >
          kcal/100g
        </th>
      </tr>
    </thead>
    <tbody>
      <IngredientRow
        ingredient={
          Object {
            "id": 1,
            "product": Object {
              "caloricity": 107.7,
              "id": 2,
              "name": "chicken",
            },
            "weight": 300,
          }
        }
      />
      <IngredientRow
        ingredient={
          Object {
            "id": 2,
            "product": Object {
              "caloricity": 44,
              "id": 1,
              "name": "carrot",
            },
            "weight": 155,
          }
        }
      />
      <tr>
        <td>
          <h4>
            Total
          </h4>
        </td>
        <td>
          455
        </td>
        <td>
          <h4>
            123.45
          </h4>
        </td>
      </tr>
    </tbody>
  </table>
</div>
`;
