// Jest Snapshot v1, https://goo.gl/fbAQLP

exports[`display a recipe list 1`] = `
<div
  className="row"
>
  <div
    className="col-md-4 mt-2"
  >
    <RecipeCard
      placeholderUrl="/placeholder-320x240.png"
      recipe={
        Object {
          "description": "some description here",
          "id": 123456,
          "image_url": "http://some.url/with_picture.png",
          "name": "some recipe",
          "short_description": "some short description here",
        }
      }
    />
  </div>
  <div
    className="col-md-4 mt-2"
  >
    <RecipeCard
      placeholderUrl="/placeholder-320x240.png"
      recipe={
        Object {
          "description": "some other description here",
          "id": 678990,
          "name": "some other recipe",
          "short_description": "some other short description here",
        }
      }
    />
  </div>
</div>
`;
